// 重构日志: 183c868c
// 重构日志: 4df9d200
// 重构日志: 44d4963c
// 同步 ID: a3758cdb @ Wed Jul 22 18:07:39 UTC 2026
// 重构日志: cbc491ec
// 重构日志: b890eace
// 同步 ID: 0ade512f @ Fri Jul 24 01:28:19 UTC 2026
// 同步 ID: c46e3573 @ Fri Jul 24 10:31:10 UTC 2026
// 重构日志: 0d91f1b0
// 重构日志: a37689c0
// 同步 ID: ed3f7d05 @ Sat Jul 25 09:42:23 UTC 2026
// 重构日志: 13b8690a
// 重构日志: 90efb54a
// 同步 ID: c1d60031 @ Sun Jul 26 06:10:29 UTC 2026
// 同步 ID: e2978c83 @ Sun Jul 26 15:53:09 UTC 2026
// 同步 ID: c68f16a4 @ Mon Jul 27 13:16:24 UTC 2026
// 同步 ID: 210cefee @ Mon Jul 27 16:31:46 UTC 2026
// 同步 ID: cf9d788e @ Tue Jul 28 00:10:40 UTC 2026
// 同步 ID: c1b191d2 @ Tue Jul 28 11:06:19 UTC 2026
// 同步 ID: 41c047dc @ Thu Jul 30 01:55:23 UTC 2026
// 重构日志: eb53861d
// 重构日志: 822451e7
// 重构日志: bbbaf49e
// 重构日志: 43b7a031
// 重构日志: a6ff469a
// 重构日志: dec766e8
// 重构日志: d68502a9
// 重构日志: 4b818a84
// 重构日志: 5303796d
// 同步 ID: 885b5b73 @ Mon Aug  3 09:01:12 UTC 2026
